2025-06-12T06:14:15.421Z [INFO] {c195a803ef3648184212bb12e0158353} Initializing i18n with path: 'resource/i18n' and default language: 'zh'
2025-06-12T06:14:15.423Z [INFO] {c195a803ef3648184212bb12e0158353} Initializing Casbin service...
2025-06-12T06:14:15.612Z [INFO] {2041e103ef3648184312bb123258465a} Casbin Service: Enforcer initialized successfully using dobyte/gf-casbin.
2025-06-12T06:14:15.612Z [INFO] {2041e103ef3648184312bb123258465a} Casbin Service: Model: manifest/config/casbin_model.conf, Table: casbin_rules
2025-06-12T06:14:15.612Z [INFO] {c195a803ef3648184212bb12e0158353} Casbin service initialization attempted.
2025-06-12T06:14:15.613Z [DEBU] SetServerRoot path: /app/resource/public
2025-06-12T06:14:15.614Z [FATA] AddStaticPath failed: cannot find "web/admin/dist" in following paths:
1. /app
2. /tmp/go-build4135474317/b001/exe
1. cannot find "web/admin/dist" in following paths:
1. /app
2. /tmp/go-build4135474317/b001/exe
   1).  yuncms/internal/cmd.init.func1
        /app/internal/cmd/cmd.go:68
   2).  main.main
        /app/main.go:20

Stack:
1.  yuncms/internal/cmd.init.func1
    /app/internal/cmd/cmd.go:68
2.  main.main
    /app/main.go:20

exit status 1
